// Bun Snapshot v1, https://goo.gl/fbAQLP

exports[`encode worx for hacky situations 1`] = `"value"`;
